{
  "number" : 42,
  "stringValue" : "What is the meaning of life"
}